
Discarded input sections

 .text          0x0000000000000000        0x0 build/obj/gpio.o
 .data          0x0000000000000000        0x0 build/obj/gpio.o
 .bss           0x0000000000000000        0x0 build/obj/gpio.o
 .text.gpio_led_toggle
                0x0000000000000000       0x18 build/obj/gpio.o
 .text          0x0000000000000000        0x0 build/obj/main.o
 .data          0x0000000000000000        0x0 build/obj/main.o
 .bss           0x0000000000000000        0x0 build/obj/main.o
 .text          0x0000000000000000        0x0 build/obj/system_stm32f4xx.o
 .data          0x0000000000000000        0x0 build/obj/system_stm32f4xx.o
 .bss           0x0000000000000000        0x0 build/obj/system_stm32f4xx.o
 .text          0x0000000000000000        0x0 build/obj/systick.o
 .data          0x0000000000000000        0x0 build/obj/systick.o
 .bss           0x0000000000000000        0x0 build/obj/systick.o
 .text.systick_get_tick
                0x0000000000000000        0xc build/obj/systick.o
 .text          0x0000000000000000        0x0 build/obj/uart.o
 .data          0x0000000000000000        0x0 build/obj/uart.o
 .bss           0x0000000000000000        0x0 build/obj/uart.o
 .text.uart_send_char
                0x0000000000000000       0x14 build/obj/uart.o
 .text.uart_receive_char
                0x0000000000000000       0x14 build/obj/uart.o
 .text          0x0000000000000000       0x14 build/obj/startup_stm32f407.o
 .data          0x0000000000000000        0x0 build/obj/startup_stm32f407.o
 .bss           0x0000000000000000        0x0 build/obj/startup_stm32f407.o

Memory Configuration

Name             Origin             Length             Attributes
FLASH            0x0000000008000000 0x0000000000100000 xr
RAM              0x0000000020000000 0x0000000000030000 xrw
*default*        0x0000000000000000 0xffffffffffffffff

Linker script and memory map

LOAD build/obj/gpio.o
LOAD build/obj/main.o
LOAD build/obj/system_stm32f4xx.o
LOAD build/obj/systick.o
LOAD build/obj/uart.o
LOAD build/obj/startup_stm32f407.o
                0x0000000020020000                _estack = 0x20020000

.isr_vector     0x0000000008000000       0x6c
                0x0000000008000000                . = ALIGN (0x4)
 *(.isr_vector)
 .isr_vector    0x0000000008000000       0x6c build/obj/startup_stm32f407.o
                0x0000000008000000                g_pfnVectors
                0x000000000800006c                . = ALIGN (0x4)

.text           0x000000000800006c      0x420
                0x000000000800006c                . = ALIGN (0x4)
 *(.text.Reset_Handler)
 .text.Reset_Handler
                0x000000000800006c       0x44 build/obj/startup_stm32f407.o
                0x000000000800006c                Reset_Handler
 *(.text.Default_Handler)
 .text.Default_Handler
                0x00000000080000b0        0x2 build/obj/startup_stm32f407.o
                0x00000000080000b0                HardFault_Handler
                0x00000000080000b0                NMI_Handler
                0x00000000080000b0                EXTI0_IRQHandler
                0x00000000080000b0                Default_Handler
 *(.text)
 *(.text*)
 *fill*         0x00000000080000b2        0x2 
 .text.gpio_init
                0x00000000080000b4       0x40 build/obj/gpio.o
                0x00000000080000b4                gpio_init
 .text.gpio_led_on
                0x00000000080000f4       0x18 build/obj/gpio.o
                0x00000000080000f4                gpio_led_on
 .text.gpio_led_off
                0x000000000800010c       0x1c build/obj/gpio.o
                0x000000000800010c                gpio_led_off
 .text.startup.main
                0x0000000008000128      0x188 build/obj/main.o
                0x0000000008000128                main
 .text.SystemInit
                0x00000000080002b0       0x1c build/obj/system_stm32f4xx.o
                0x00000000080002b0                SystemInit
 .text.systick_init
                0x00000000080002cc       0x2c build/obj/systick.o
                0x00000000080002cc                systick_init
 .text.SysTick_Handler
                0x00000000080002f8       0x10 build/obj/systick.o
                0x00000000080002f8                SysTick_Handler
 .text.delay_ms
                0x0000000008000308       0x14 build/obj/systick.o
                0x0000000008000308                delay_ms
 .text.uart_init
                0x000000000800031c       0x64 build/obj/uart.o
                0x000000000800031c                uart_init
 .text.uart_send_string
                0x0000000008000380       0x20 build/obj/uart.o
                0x0000000008000380                uart_send_string
 .text.uart_send_int
                0x00000000080003a0       0x88 build/obj/uart.o
                0x00000000080003a0                uart_send_int
 *(.rodata)
 *(.rodata*)
 .rodata.main.str1.4
                0x0000000008000428       0x64 build/obj/main.o
                0x000000000800048c                . = ALIGN (0x4)
                0x000000000800048c                _etext = .
                0x000000000800048c                _sidata = LOADADDR (.data)

.glue_7         0x000000000800048c        0x0
 .glue_7        0x000000000800048c        0x0 linker stubs

.glue_7t        0x000000000800048c        0x0
 .glue_7t       0x000000000800048c        0x0 linker stubs

.vfp11_veneer   0x000000000800048c        0x0
 .vfp11_veneer  0x000000000800048c        0x0 linker stubs

.v4_bx          0x000000000800048c        0x0
 .v4_bx         0x000000000800048c        0x0 linker stubs

.iplt           0x000000000800048c        0x0
 .iplt          0x000000000800048c        0x0 build/obj/main.o

.rel.dyn        0x000000000800048c        0x0
 .rel.iplt      0x000000000800048c        0x0 build/obj/main.o

.data           0x0000000020000000        0x0 load address 0x000000000800048c
                0x0000000020000000                . = ALIGN (0x4)
                0x0000000020000000                _sdata = .
 *(.data)
 *(.data*)
                0x0000000020000000                . = ALIGN (0x4)
                0x0000000020000000                _edata = .

.igot.plt       0x0000000020000000        0x0 load address 0x000000000800048c
 .igot.plt      0x0000000020000000        0x0 build/obj/main.o

.bss            0x0000000020000000        0x4 load address 0x000000000800048c
                0x0000000020000000                . = ALIGN (0x4)
                0x0000000020000000                _sbss = .
 *(.bss)
 *(.bss*)
 .bss.tick_counter
                0x0000000020000000        0x4 build/obj/systick.o
 *(COMMON)
                0x0000000020000004                . = ALIGN (0x4)
                0x0000000020000004                _ebss = .
OUTPUT(build/bin/embedded-data-logger.elf elf32-littlearm)
LOAD linker stubs

.comment        0x0000000000000000       0x33
 .comment       0x0000000000000000       0x33 build/obj/gpio.o
                                         0x34 (size before relaxing)
 .comment       0x0000000000000033       0x34 build/obj/main.o
 .comment       0x0000000000000033       0x34 build/obj/system_stm32f4xx.o
 .comment       0x0000000000000033       0x34 build/obj/systick.o
 .comment       0x0000000000000033       0x34 build/obj/uart.o

.ARM.attributes
                0x0000000000000000       0x32
 .ARM.attributes
                0x0000000000000000       0x34 build/obj/gpio.o
 .ARM.attributes
                0x0000000000000034       0x34 build/obj/main.o
 .ARM.attributes
                0x0000000000000068       0x34 build/obj/system_stm32f4xx.o
 .ARM.attributes
                0x000000000000009c       0x34 build/obj/systick.o
 .ARM.attributes
                0x00000000000000d0       0x34 build/obj/uart.o
 .ARM.attributes
                0x0000000000000104       0x21 build/obj/startup_stm32f407.o
